src/app/admin/(dashboard)/recordatorios/page.tsx(67,20): error TS2307: Cannot find module 'lib/utils' or its corresponding type declarations.
src/components/admin/facturas/crear-factura-dialog.tsx(8,20): error TS2307: Cannot find module 'lib/utils' or its corresponding type declarations.
src/components/admin/section-card.tsx(3,20): error TS2307: Cannot find module 'lib/utils' or its corresponding type declarations.
src/components/landing/HeroSection.tsx(12,3): error TS2305: Module '"@/lib/animations"' has no exported member 'containerVariants'.
src/components/landing/HeroSection.tsx(13,3): error TS2305: Module '"@/lib/animations"' has no exported member 'itemVariants'.
src/components/landing/HeroSection.tsx(14,3): error TS2305: Module '"@/lib/animations"' has no exported member 'badgeVariants'.
src/components/landing/HeroSection.tsx(15,3): error TS2305: Module '"@/lib/animations"' has no exported member 'pulseVariants'.
src/components/landing/HeroSection.tsx(16,3): error TS2305: Module '"@/lib/animations"' has no exported member 'floatVariants'.
src/components/ui/animated-ai-chat.tsx(5,20): error TS2307: Cannot find module 'lib/utils' or its corresponding type declarations.
src/components/ui/avatar.tsx(6,20): error TS2307: Cannot find module 'lib/utils' or its corresponding type declarations.
src/components/ui/badge.tsx(5,20): error TS2307: Cannot find module 'lib/utils' or its corresponding type declarations.
src/components/ui/breadcrumb.tsx(5,20): error TS2307: Cannot find module 'lib/utils' or its corresponding type declarations.
src/components/ui/button.tsx(6,20): error TS2307: Cannot find module 'lib/utils' or its corresponding type declarations.
src/components/ui/calendar.tsx(11,20): error TS2307: Cannot find module 'lib/utils' or its corresponding type declarations.
src/components/ui/card.tsx(3,20): error TS2307: Cannot find module 'lib/utils' or its corresponding type declarations.
src/components/ui/chart.tsx(7,20): error TS2307: Cannot find module 'lib/utils' or its corresponding type declarations.
src/components/ui/checkbox.tsx(5,20): error TS2307: Cannot find module 'lib/utils' or its corresponding type declarations.
src/components/ui/dialog.tsx(6,20): error TS2307: Cannot find module 'lib/utils' or its corresponding type declarations.
src/components/ui/dropdown-menu.tsx(6,20): error TS2307: Cannot find module 'lib/utils' or its corresponding type declarations.
src/components/ui/field.tsx(6,20): error TS2307: Cannot find module 'lib/utils' or its corresponding type declarations.
src/components/ui/input-group.tsx(6,20): error TS2307: Cannot find module 'lib/utils' or its corresponding type declarations.
src/components/ui/input.tsx(4,20): error TS2307: Cannot find module 'lib/utils' or its corresponding type declarations.
src/components/ui/label.tsx(5,20): error TS2307: Cannot find module 'lib/utils' or its corresponding type declarations.
src/components/ui/neon-button.tsx(2,20): error TS2307: Cannot find module 'lib/utils' or its corresponding type declarations.
src/components/ui/pagination.tsx(3,20): error TS2307: Cannot find module 'lib/utils' or its corresponding type declarations.
src/components/ui/popover.tsx(6,20): error TS2307: Cannot find module 'lib/utils' or its corresponding type declarations.
src/components/ui/progress.tsx(5,20): error TS2307: Cannot find module 'lib/utils' or its corresponding type declarations.
src/components/ui/scroll-area.tsx(6,20): error TS2307: Cannot find module 'lib/utils' or its corresponding type declarations.
src/components/ui/select.tsx(6,20): error TS2307: Cannot find module 'lib/utils' or its corresponding type declarations.
src/components/ui/separator.tsx(5,20): error TS2307: Cannot find module 'lib/utils' or its corresponding type declarations.
src/components/ui/sheet.tsx(6,20): error TS2307: Cannot find module 'lib/utils' or its corresponding type declarations.
src/components/ui/sidebar.tsx(9,20): error TS2307: Cannot find module 'lib/utils' or its corresponding type declarations.
src/components/ui/skeleton.tsx(1,20): error TS2307: Cannot find module 'lib/utils' or its corresponding type declarations.
src/components/ui/slider.tsx(6,20): error TS2307: Cannot find module 'lib/utils' or its corresponding type declarations.
src/components/ui/switch.tsx(5,20): error TS2307: Cannot find module 'lib/utils' or its corresponding type declarations.
src/components/ui/table.tsx(5,20): error TS2307: Cannot find module 'lib/utils' or its corresponding type declarations.
src/components/ui/tabs.tsx(6,20): error TS2307: Cannot find module 'lib/utils' or its corresponding type declarations.
src/components/ui/textarea.tsx(3,20): error TS2307: Cannot find module 'lib/utils' or its corresponding type declarations.
src/components/ui/tooltip.tsx(5,20): error TS2307: Cannot find module 'lib/utils' or its corresponding type declarations.
